
> kobonz@0.1.0 build
> next build

  ظû▓ Next.js 14.2.35
  - Environments: .env.local, .env.production, .env
  - Experiments (use with caution):
    ┬╖ typedRoutes

   Creating an optimized production build ...
> [PWA] Compile server
> [PWA] Compile server
> [PWA] Compile client (static)
> [PWA] Auto register service worker with: C:\Users\lenovo\Downloads\coupon-management-system\node_modules\next-pwa\register.js
> [PWA] Service worker: C:\Users\lenovo\Downloads\coupon-management-system\public\sw.js
> [PWA]   url: /sw.js
> [PWA]   scope: /
